error: non `pub` ink! storage structs are not supported
 --> tests/ui/storage_derive/fail/not-public-struct.rs:5:5
  |
5 | /     #[ink(storage)]
6 | |     #[derive(Storage)]
7 | |     struct PSP22Struct {
8 | |         pub value: bool
9 | |     }
  | |_____^
